00:00 +0: loading D:/Users/Sarang/Documents/Flutter_Projects/week_28/test/features/todo/data/models/todo_model_test.dart
00:00 +0: D:/Users/Sarang/Documents/Flutter_Projects/week_28/test/features/todo/data/models/todo_model_test.dart: should be a subclass of Todo entity
00:00 +0 -1: loading D:/Users/Sarang/Documents/Flutter_Projects/week_28/test/features/todo/presentation/bloc/todo_bloc_test.dart [E]
  Failed to load "D:/Users/Sarang/Documents/Flutter_Projects/week_28/test/features/todo/presentation/bloc/todo_bloc_test.dart":
  Compilation failed for testPath=D:/Users/Sarang/Documents/Flutter_Projects/week_28/test/features/todo/presentation/bloc/todo_bloc_test.dart: Error: Couldn't resolve the package 'dartz' in 'package:dartz/dartz.dart'.
  test/features/todo/presentation/bloc/todo_bloc_test.dart:2:8: Error: Not found: 'package:dartz/dartz.dart'
  import 'package:dartz/dartz.dart';
         ^
  test/features/todo/presentation/bloc/todo_bloc_test.dart:88:41: Error: Couldn't find constructor 'Right'.
          ).thenAnswer((_) async => const Right(null));
                                          ^^^^^
  test/features/todo/presentation/bloc/todo_bloc_test.dart:104:41: Error: Couldn't find constructor 'Right'.
          ).thenAnswer((_) async => const Right(null));
                                          ^^^^^
  test/features/todo/presentation/bloc/todo_bloc_test.dart:120:41: Error: Couldn't find constructor 'Right'.
          ).thenAnswer((_) async => const Right(null));
                                          ^^^^^
  .
00:00 +1 -1: D:/Users/Sarang/Documents/Flutter_Projects/week_28/test/features/todo/data/models/todo_model_test.dart: fromMap should return a valid model when the map contains valid data
00:00 +2 -1: D:/Users/Sarang/Documents/Flutter_Projects/week_28/test/features/todo/data/models/todo_model_test.dart: fromMap should return a valid model with default values when map is incomplete
00:00 +2 -2: loading D:/Users/Sarang/Documents/Flutter_Projects/week_28/test/features/todo/data/models/todo_model_test.dart [E]
  Error: The Dart compiler exited unexpectedly.
  package:flutter_tools/src/base/common.dart 34:3  throwToolExit
  package:flutter_tools/src/compile.dart 911:11    DefaultResidentCompiler._compile.<fn>
  dart:async/zone.dart 1538:47                     _rootRunUnary
  dart:async/zone.dart 1429:19                     _CustomZone.runUnary
  dart:async/future_impl.dart 948:45               Future._propagateToListeners.handleValueCallback
  dart:async/future_impl.dart 977:13               Future._propagateToListeners
  dart:async/future_impl.dart 862:9                Future._propagateToListeners
  dart:async/future_impl.dart 720:5                Future._completeWithValue
  dart:async/future_impl.dart 804:7                Future._asyncCompleteWithValue.<fn>
  dart:async/zone.dart 1525:13                     _rootRun
  dart:async/zone.dart 1422:19                     _CustomZone.run
  dart:async/zone.dart 1321:7                      _CustomZone.runGuarded
  dart:async/zone.dart 1362:23                     _CustomZone.bindCallbackGuarded.<fn>
  dart:async/schedule_microtask.dart 40:35         _microtaskLoop
  dart:async/schedule_microtask.dart 49:5          _startMicrotaskLoop
  dart:isolate-patch/isolate_patch.dart 127:13     _runPendingImmediateCallback
  dart:isolate-patch/isolate_patch.dart 194:5      _RawReceivePort._handleMessage
  
00:00 +3 -2: D:/Users/Sarang/Documents/Flutter_Projects/week_28/test/features/todo/data/models/todo_model_test.dart: toMap should return a JSON map containing the proper data
00:00 +4 -2: D:/Users/Sarang/Documents/Flutter_Projects/week_28/test/features/todo/data/models/todo_model_test.dart: copyWith should return a valid model with updated values
00:02 +5 -2: D:/Users/Sarang/Documents/Flutter_Projects/week_28/test/features/todo/presentation/widgets/todo_card_test.dart: TodoCard renders correctly and handles events
00:03 +6 -2: Some tests failed.
